main.c:75:6:setTimer0	16	static
main.c:80:6:setTimer1	16	static
main.c:85:6:setTimer2	16	static
main.c:90:6:setTimer3	16	static
main.c:95:6:timerRun	4	static
main.c:125:6:updateClockBuffer	4	static
main.c:131:6:display7SEG	16	static
main.c:169:6:update7SEG	16	static
main.c:198:5:main	8	static
main.c:258:6:SystemClock_Config	72	static
main.c:294:13:MX_TIM2_Init	32	static
main.c:339:13:MX_GPIO_Init	32	static
main.c:376:6:HAL_TIM_PeriodElapsedCallback	16	static
main.c:385:6:Error_Handler	4	static,ignoring_inline_asm
